glimmergrund lauf-2 1 40 14.6
glimmergrund lauf-1 1 35 18.0
glimmergrund lauf-3 1 54 18.5
salzmark lauf-3 1 117 20.3
salzmark lauf-1 1 84 26.2
glimmergrund lauf-2 2 225 21.8
salzmark lauf-3 2 20 19.3
salzmark lauf-2 1 167 40.7
glimmergrund lauf-3 2 135 25.1
salzmark lauf-1 2 90 19.3
glimmergrund lauf-1 2 160 28.2
salzmark lauf-3 3 111 19.6
glimmergrund lauf-2 3 190 26.2
salzmark lauf-2 2 104 25.6
salzmark lauf-1 3 58 26.1
glimmergrund lauf-3 3 145 33.8
glimmergrund lauf-1 3 170 31.9
glimmergrund lauf-2 4 121 24.3
salzmark lauf-3 4 131 31.4
salzmark lauf-2 3 71 25.1
salzmark lauf-1 4 117 23.2
glimmergrund lauf-2 5 145 14.7
glimmergrund lauf-1 4 111 29.1
salzmark lauf-1 5 124 15.7
salzmark lauf-3 5 27 20.1
salzmark lauf-2 4 103 27.5
glimmergrund lauf-1 5 213 23.7
glimmergrund lauf-2 6 185 29.5
glimmergrund lauf-3 4 63 58.6
salzmark lauf-3 6 104 31.2
salzmark lauf-1 6 72 34.0
salzmark lauf-2 5 165 35.6
glimmergrund lauf-2 7 70 23.3
glimmergrund lauf-1 6 224 36.9
salzmark lauf-3 7 93 26.2
glimmergrund lauf-3 5 103 35.5
salzmark lauf-1 7 59 30.0
glimmergrund lauf-1 7 39 22.3
salzmark lauf-2 6 87 38.9
glimmergrund lauf-3 6 252 26.3
salzmark lauf-2 7 44 17.5
glimmergrund lauf-3 7 87 25.6
Kosten gesamt: 1.545 $
