salzmark lauf-3 1 159 24.8
salzmark lauf-1 1 148 30.2
salzmark lauf-2 1 85 40.1
salzmark lauf-2 2 86 22.6
salzmark lauf-3 2 81 40.3
salzmark lauf-1 2 24 36.2
salzmark lauf-1 3 66 22.3
salzmark lauf-2 3 34 26.5
salzmark lauf-1 4 97 17.1
salzmark lauf-3 3 72 45.7
salzmark lauf-1 5 75 24.3
salzmark lauf-2 4 58 46.2
salzmark lauf-3 4 106 35.0
salzmark lauf-1 6 76 17.4
salzmark lauf-2 5 58 20.1
salzmark lauf-3 5 122 29.0
salzmark lauf-2 6 86 25.2
salzmark lauf-3 6 97 27.1
salzmark lauf-1 7 69 57.5
salzmark lauf-2 7 109 34.9
salzmark lauf-3 7 108 31.5
Kosten gesamt: 0.459 $
