glimmergrund lauf-3 1 86 67.9
salzmark lauf-1 1 181 77.9
glimmergrund lauf-2 1 111 83.1
glimmergrund lauf-1 1 76 104.5
salzmark lauf-3 1 180 105.4
salzmark lauf-2 1 138 107.9
salzmark lauf-1 2 159 99.4
salzmark lauf-3 2 121 75.1
glimmergrund lauf-1 2 200 79.9
glimmergrund 3 Versuch 1 Fehler: Fehler im Strom des Anbieters (Code 502)
glimmergrund 3 Versuch 2 Fehler: Fehler im Strom des Anbieters (Code 502)
salzmark lauf-2 2 147 86.7
glimmergrund 3 Versuch 3 Fehler: Fehler im Strom des Anbieters (Code 502)
glimmergrund lauf-1 3 abgebrochen
glimmergrund lauf-3 2 184 184.8
salzmark lauf-3 3 138 77.8
salzmark lauf-2 3 143 68.2
glimmergrund lauf-2 2 192 188.8
salzmark lauf-2 4 148 87.4
salzmark lauf-3 4 190 105.9
salzmark lauf-2 5 129 81.3
glimmergrund lauf-2 3 153 160.5
salzmark lauf-3 5 134 69.3
salzmark lauf-1 3 129 321.9
salzmark lauf-3 6 148 79.8
glimmergrund lauf-2 4 157 119.4
salzmark lauf-3 7 146 58.0
glimmergrund lauf-3 3 139 341.9
salzmark lauf-1 4 204 97.6
salzmark lauf-2 6 165 180.0
glimmergrund lauf-2 5 198 84.4
glimmergrund lauf-2 6 266 26.5
glimmergrund lauf-3 4 154 136.3
glimmergrund lauf-2 7 193 72.8
glimmergrund lauf-3 5 234 43.7
salzmark lauf-1 5 144 206.7
glimmergrund lauf-3 6 222 53.8
salzmark lauf-2 7 147 242.6
salzmark lauf-1 6 165 90.8
glimmergrund lauf-3 7 164 86.4
salzmark lauf-1 7 142 45.1
Kosten gesamt: 1.977 $
